// Jest Snapshot v1, https://goo.gl/fbAQLP

exports[`Form Test renders without crashing 1`] = `ShallowWrapper {}`;

exports[`Form Test renders without crashing 2`] = `ShallowWrapper {}`;
